---
source: tui/src/history_cell/tests.rs
expression: rendered
---
╭─────────────────────────────────────────────────────────────────╮
│ ✨ Update available! 0.0.0 -> 9.9.9                             │
│ Run codex-quietline upgrade to update.                          │
│                                                                 │
│ See full release notes:                                         │
│ https://github.com/BerkayCaglar/codex-quietline/releases/latest │
╰─────────────────────────────────────────────────────────────────╯
